[==========] Running 14 tests from 3 test cases.
[----------] Global test environment set-up.
[----------] 5 tests from TREE
[ RUN      ] TREE.INSERT_AND_FIND
[       OK ] TREE.INSERT_AND_FIND (3 ms)
[ RUN      ] TREE.INSERT_AND_GET
[       OK ] TREE.INSERT_AND_GET (3 ms)
[ RUN      ] TREE.INSERT_REWRITE_GET
[       OK ] TREE.INSERT_REWRITE_GET (5 ms)
[ RUN      ] TREE.INSERT_REMOVE_INSERT_FIND
[       OK ] TREE.INSERT_REMOVE_INSERT_FIND (8 ms)
[ RUN      ] TREE.FOREACH
[       OK ] TREE.FOREACH (0 ms)
[----------] 5 tests from TREE (19 ms total)

[----------] 4 tests from TIME
[ RUN      ] TIME.TREE_INSERT_REWRITE_GET_1_000_000
[       OK ] TIME.TREE_INSERT_REWRITE_GET_1_000_000 (1371 ms)
[ RUN      ] TIME.TREE_INSERT_REWRITE_GET_10_000_000
[       OK ] TIME.TREE_INSERT_REWRITE_GET_10_000_000 (44628 ms)
[ RUN      ] TIME.HASH_INSERT_REWRITE_GET_1_000_000
[       OK ] TIME.HASH_INSERT_REWRITE_GET_1_000_000 (3898 ms)
[ RUN      ] TIME.HASH_INSERT_REWRITE_GET_10_000_000
[       OK ] TIME.HASH_INSERT_REWRITE_GET_10_000_000 (7143 ms)
[----------] 4 tests from TIME (57040 ms total)

[----------] 5 tests from HASH
[ RUN      ] HASH.INSERT_AND_FIND
[       OK ] HASH.INSERT_AND_FIND (81 ms)
[ RUN      ] HASH.INSERT_AND_GET
[       OK ] HASH.INSERT_AND_GET (80 ms)
[ RUN      ] HASH.INSERT_REWRITE_GET
[       OK ] HASH.INSERT_REWRITE_GET (83 ms)
[ RUN      ] HASH.INSERT_REMOVE_INSERT_FIND
[       OK ] HASH.INSERT_REMOVE_INSERT_FIND (83 ms)
[ RUN      ] HASH.FOREACH
[       OK ] HASH.FOREACH (95 ms)
[----------] 5 tests from HASH (422 ms total)

[----------] Global test environment tear-down
[==========] 14 tests from 3 test cases ran. (57481 ms total)
[  PASSED  ] 14 tests.
